============================================
  ALG5_standard (Struct+Semantic MCE)
  mine <tau> | sink <file> | log <file> | quit
============================================
Dataset: dataset/dataset/soc-digg.txt (ID=5)
Graph: V=770799  E=5907132
Load: 5638 ms


=== Building VectorDB ===
  Float32VectorStore: 770799x256
=== DB ready ===


>> 
=== ALG5 MCE  tau=-0.053 ===
Stage1: computing and caching all edge similarities...
  edges cached: 5907132
  [Stage1 build_graph]: 1028 ms
Stage1b: degeneracy ordering...
  [Stage1b degeneracy]: 118 ms
Stage2+3: BK + intra-clique subset enumeration...
  tau=-0.053  threads=32  timeout=6000s
  progress 759253/770799 (98.5%)  candidates=0  elapsed=5s
  progress 759972/770799 (98.6%)  candidates=0  elapsed=10s
  progress 760285/770799 (98.6%)  candidates=0  elapsed=15s
  progress 760500/770799 (98.7%)  candidates=0  elapsed=21s
  progress 760771/770799 (98.7%)  candidates=0  elapsed=26s
  progress 760938/770799 (98.7%)  candidates=0  elapsed=31s
  progress 760970/770799 (98.7%)  candidates=0  elapsed=36s
  progress 761101/770799 (98.7%)  candidates=0  elapsed=41s
  progress 761182/770799 (98.8%)  candidates=0  elapsed=49s
  progress 761194/770799 (98.8%)  candidates=0  elapsed=57s
  progress 761204/770799 (98.8%)  candidates=0  elapsed=65s
  progress 761213/770799 (98.8%)  candidates=0  elapsed=73s
  progress 761222/770799 (98.8%)  candidates=0  elapsed=81s
  progress 761237/770799 (98.8%)  candidates=0  elapsed=88s
  progress 761259/770799 (98.8%)  candidates=0  elapsed=93s
  progress 761858/770799 (98.8%)  candidates=0  elapsed=99s
  progress 761927/770799 (98.8%)  candidates=0  elapsed=104s
  progress 762319/770799 (98.9%)  candidates=0  elapsed=109s
