============================================
  ALG5_standard (Struct+Semantic MCE)
  mine <tau> | sink <file> | log <file> | quit
============================================
Dataset: dataset/dataset/soc-buzznet.txt (ID=4)
Graph: V=101163  E=2763066
Load: 4064 ms


=== Building VectorDB ===
  Float32VectorStore: 101163x256
=== DB ready ===


>> 
=== ALG5 MCE  tau=-0.053 ===
Stage1: computing and caching all edge similarities...
  edges cached: 2763066
  [Stage1 build_graph]: 571 ms
Stage1b: degeneracy ordering...
  [Stage1b degeneracy]: 88 ms
Stage2+3: BK + intra-clique subset enumeration...
  tau=-0.053  threads=32  timeout=6000s
  progress 92245/101163 (91.2%)  candidates=0  elapsed=5s
  progress 95802/101163 (94.7%)  candidates=0  elapsed=10s
  progress 97130/101163 (96.0%)  candidates=0  elapsed=15s
  progress 98165/101163 (97.0%)  candidates=0  elapsed=20s
  progress 98747/101163 (97.6%)  candidates=0  elapsed=25s
  progress 99073/101163 (97.9%)  candidates=0  elapsed=30s
  progress 99360/101163 (98.2%)  candidates=0  elapsed=35s
  progress 99535/101163 (98.4%)  candidates=0  elapsed=40s
  progress 99676/101163 (98.5%)  candidates=0  elapsed=45s
  progress 99853/101163 (98.7%)  candidates=0  elapsed=50s
  progress 99991/101163 (98.8%)  candidates=0  elapsed=55s
  progress 100089/101163 (98.9%)  candidates=0  elapsed=61s
  progress 100186/101163 (99.0%)  candidates=0  elapsed=66s
  progress 100268/101163 (99.1%)  candidates=0  elapsed=71s
  progress 100347/101163 (99.2%)  candidates=0  elapsed=76s
  progress 100415/101163 (99.3%)  candidates=0  elapsed=81s
  progress 100454/101163 (99.3%)  candidates=0  elapsed=86s
  progress 100486/101163 (99.3%)  candidates=0  elapsed=92s
  progress 100505/101163 (99.3%)  candidates=0  elapsed=97s
  progress 100550/101163 (99.4%)  candidates=0  elapsed=104s
  progress 100575/101163 (99.4%)  candidates=0  elapsed=110s
