============================================
  alg6_v2_standard (Clique Size-Layered MCE)
  mine <tau> | sink <file> | log <file> | quit
============================================
Dataset: dataset/dataset/soc-buzznet.txt (ID=4)
Graph: V=101163  E=2763066
Load: 4371 ms


=== Building VectorDB ===
  Float32VectorStore: 101163x256
=== DB ready ===


>> 
=== AvgSim Clique MCE  tau=-0.053 ===
Ablation: W_PRUNE=1  MONO_PRUNE=1  LAYER_DEDUP=1
Stage1: computing and caching all edge similarities...
  [Stage1] edges: 2763066, sim>-0.053: 2210451
  [Stage1 time]: 126 ms
Stage2: building layer-0 (sim > -0.053 edges)...
  Layer-0: 2210451 2-cliques (after dedup)
Stage3: clique expansion by size layers...
  Layer  0: in=2210451   out_next=28737863  dedup_removed=14076407  maximal_collected=74849   t=45980ms
