============================================
  ALG4 Standard (Semantic BK)
  mine <tau> | sink <file> | log <file> | quit
============================================
Dataset: dataset/dataset/sc-ldoor.txt (ID=1)
Graph: V=909537  E=20770807
Load: 9035 ms


=== Building VectorDB ===
  Float32VectorStore: 909537x256
=== DB ready ===


>> 
=== ALG4 MCE  tau=-0.053 ===
[Stage1] Computing and caching all edge similarities...
  edges cached: 20770807
  [Stage1] Done: 2618 ms
[Stage2] Degeneracy ordering...
  [Stage2] Done: 300 ms
[Stage3] Semantic BK search...
  tau=-0.053  threads=32  timeout=600s
  progress 500/909537 (0.1%)  cliques=181  elapsed=5s
  progress 860/909537 (0.1%)  cliques=305  elapsed=10s
  progress 1159/909537 (0.1%)  cliques=475  elapsed=15s
  progress 1383/909537 (0.2%)  cliques=553  elapsed=20s
  progress 1583/909537 (0.2%)  cliques=614  elapsed=25s
  progress 1800/909537 (0.2%)  cliques=686  elapsed=30s
  progress 1993/909537 (0.2%)  cliques=744  elapsed=35s
  progress 2237/909537 (0.2%)  cliques=823  elapsed=40s
  progress 2411/909537 (0.3%)  cliques=880  elapsed=45s
  progress 2637/909537 (0.3%)  cliques=951  elapsed=50s
  progress 2955/909537 (0.3%)  cliques=1065  elapsed=55s
  progress 3124/909537 (0.3%)  cliques=1118  elapsed=60s
  progress 3346/909537 (0.4%)  cliques=1190  elapsed=65s
  progress 3622/909537 (0.4%)  cliques=1278  elapsed=70s
  progress 3882/909537 (0.4%)  cliques=1368  elapsed=75s
  progress 4082/909537 (0.4%)  cliques=1431  elapsed=81s
  progress 4228/909537 (0.5%)  cliques=1567  elapsed=86s
  progress 4431/909537 (0.5%)  cliques=1719  elapsed=91s
  progress 4598/909537 (0.5%)  cliques=1775  elapsed=96s
  progress 4783/909537 (0.5%)  cliques=1830  elapsed=101s
  progress 4994/909537 (0.5%)  cliques=1897  elapsed=106s
