============================================
  ALG4 Standard (Semantic BK)
  mine <tau> | sink <file> | log <file> | quit
============================================
Dataset: dataset/dataset/soc-buzznet.txt (ID=4)
Graph: V=101163  E=2763066
Load: 3237 ms


=== Building VectorDB ===
  Float32VectorStore: 101163x256
=== DB ready ===


>> 
=== ALG4 MCE  tau=-0.053 ===
[Stage1] Computing and caching all edge similarities...
  edges cached: 2763066
  [Stage1] Done: 598 ms
[Stage2] Degeneracy ordering...
  [Stage2] Done: 65 ms
[Stage3] Semantic BK search...
  tau=-0.053  threads=32  timeout=600s
  progress 78729/101163 (77.8%)  cliques=1753588  elapsed=5s
  progress 80894/101163 (80.0%)  cliques=2139600  elapsed=10s
  progress 82227/101163 (81.3%)  cliques=2435858  elapsed=15s
  progress 83080/101163 (82.1%)  cliques=2656381  elapsed=20s
  progress 83826/101163 (82.9%)  cliques=2872829  elapsed=25s
  progress 84428/101163 (83.5%)  cliques=3064054  elapsed=30s
  progress 85184/101163 (84.2%)  cliques=3315554  elapsed=35s
  progress 85684/101163 (84.7%)  cliques=3504867  elapsed=40s
  progress 85925/101163 (84.9%)  cliques=3600643  elapsed=45s
  progress 86114/101163 (85.1%)  cliques=3684260  elapsed=50s
  progress 86333/101163 (85.3%)  cliques=3776307  elapsed=55s
  progress 86519/101163 (85.5%)  cliques=3857066  elapsed=60s
  progress 86711/101163 (85.7%)  cliques=3952137  elapsed=65s
  progress 86873/101163 (85.9%)  cliques=4040071  elapsed=70s
  progress 87143/101163 (86.1%)  cliques=4167455  elapsed=75s
  progress 87371/101163 (86.4%)  cliques=4274872  elapsed=80s
  progress 87480/101163 (86.5%)  cliques=4334037  elapsed=86s
  progress 87613/101163 (86.6%)  cliques=4403156  elapsed=91s
  progress 87720/101163 (86.7%)  cliques=4458114  elapsed=96s
  progress 87753/101163 (86.7%)  cliques=4482048  elapsed=113s
