============================================
  ALG4 Standard (Semantic BK)
  mine <tau> | sink <file> | log <file> | quit
============================================
Dataset: dataset/dataset/sc-pkustk11.txt (ID=3)
Graph: V=87804  E=2565054
Load: 1090 ms


=== Building VectorDB ===
  Float32VectorStore: 87804x256
=== DB ready ===


>> 
=== ALG4 MCE  tau=-0.053 ===
[Stage1] Computing and caching all edge similarities...
  edges cached: 2565054
  [Stage1] Done: 301 ms
[Stage2] Degeneracy ordering...
  [Stage2] Done: 28 ms
[Stage3] Semantic BK search...
  tau=-0.053  threads=32  timeout=600s
  progress 751/87804 (0.9%)  cliques=131  elapsed=5s
  progress 769/87804 (0.9%)  cliques=134  elapsed=13s
  progress 787/87804 (0.9%)  cliques=137  elapsed=19s
  progress 807/87804 (0.9%)  cliques=140  elapsed=28s
  progress 823/87804 (0.9%)  cliques=143  elapsed=34s
  progress 839/87804 (1.0%)  cliques=145  elapsed=40s
  progress 860/87804 (1.0%)  cliques=149  elapsed=51s
  progress 876/87804 (1.0%)  cliques=152  elapsed=56s
  progress 896/87804 (1.0%)  cliques=155  elapsed=62s
  progress 914/87804 (1.0%)  cliques=158  elapsed=68s
  progress 932/87804 (1.1%)  cliques=161  elapsed=74s
  progress 949/87804 (1.1%)  cliques=164  elapsed=80s
  progress 967/87804 (1.1%)  cliques=167  elapsed=86s
  progress 986/87804 (1.1%)  cliques=170  elapsed=92s
  progress 1007/87804 (1.1%)  cliques=173  elapsed=98s
  progress 1024/87804 (1.2%)  cliques=176  elapsed=103s
  progress 1042/87804 (1.2%)  cliques=179  elapsed=109s
  progress 1055/87804 (1.2%)  cliques=181  elapsed=115s
