============================================
  alg6_v2_standard (Clique Size-Layered MCE)
  mine <tau> | sink <file> | log <file> | quit
============================================
Dataset: dataset/dataset/tech-as-skitter.txt (ID=6)
Graph: V=1694616  E=11094209
Load: 9976 ms


=== Building VectorDB ===
  Float32VectorStore: 1694616x256
=== DB ready ===


>> 
=== AvgSim Clique MCE  tau=-0.053 ===
Ablation: W_PRUNE=1  MONO_PRUNE=1  LAYER_DEDUP=1
Stage1: computing and caching all edge similarities...
  [Stage1] edges: 11094209, sim>-0.053: 8875370
  [Stage1 time]: 998 ms
Stage2: building layer-0 (sim > -0.053 edges)...
  Layer-0: 8875370 2-cliques (after dedup)
Stage3: clique expansion by size layers...
  Layer  0: in=8875370   out_next=26738794  dedup_removed=13099154  maximal_collected=1917871  t=68976ms
