============================================
  ALG4 Standard (Semantic BK)
  mine <tau> | sink <file> | log <file> | quit
============================================
Dataset: dataset/dataset/FB15K-237_edges.txt (ID=7)
Graph: V=14541  E=248611
Load: 337 ms


=== Building VectorDB ===
  Float32VectorStore: 14541x384
=== DB ready ===


>> 
=== ALG4 MCE  tau=0.025 ===
[Stage1] Computing and caching all edge similarities...
  edges cached: 247294
  [Stage1] Done: 56 ms
[Stage2] Degeneracy ordering...
  [Stage2] Done: 4 ms
[Stage3] Semantic BK search...
  tau=0.025  threads=32  timeout=600s
  progress 12703/14541 (87.4%)  cliques=150145  elapsed=5s
  progress 13482/14541 (92.7%)  cliques=166547  elapsed=11s
