============================================
  ALG1 Standard (Structural MCE)
  mine | sink <file> | log <file> | quit
============================================
Dataset: dataset/dataset/sc-nasasrb.txt (ID=2)
Graph: V=54870  E=1311227
Load: 574 ms


>> 
=== ALG1 Standard MCE ===
[Stage1] Building adjacency...
  [Stage1] Done: 23 ms  (V=54870, E=1311227)
[Stage2] Degeneracy ordering...
  [Stage2] Done: 12 ms
[Stage3] Tomita Pivot BK search...
  threads=32  timeout=600s
  [Stage3] Done: 55 ms  cliques=28154

=== TOTAL: 90 ms,  28154 maximal cliques ===

--- Phase timing summary ---
  Adj build          :     23 ms  ( 25.6%)
  Degeneracy ordering:     12 ms  ( 13.3%)
  BK search          :     55 ms  ( 61.1%)
----------------------------

--- Clique size distribution ---
  size   4: 10 (0.04%)
  size   5: 10 (0.04%)
  size   6: 65 (0.23%)
  size   7: 70 (0.25%)
  size   8: 444 (1.58%)
  size   9: 180 (0.64%)
  size  10: 514 (1.83%)
  size  11: 1422 (5.05%)
  size  12: 4708 (16.72%)
  size  13: 1432 (5.09%)
  size  14: 1222 (4.34%)
  size  15: 2507 (8.90%)
  size  16: 2489 (8.84%)
  size  17: 454 (1.61%)
  size  18: 777 (2.76%)
  size  19: 771 (2.74%)
  size  20: 5139 (18.25%)
  size  21: 1968 (6.99%)
  size  22: 1648 (5.85%)
  size  23: 385 (1.37%)
  size  24: 1939 (6.89%)
  Average clique size: 16.65
--------------------------------
>> Bye.
