============================================
  ALG5_standard (Struct+Semantic MCE)
  mine <tau> | sink <file> | log <file> | quit
============================================
Dataset: dataset/dataset/sc-ldoor.txt (ID=1)
Graph: V=909537  E=20770807
Load: 9039 ms


=== Building VectorDB ===
  Float32VectorStore: 909537x256
=== DB ready ===


>> 
=== ALG5 MCE  tau=-0.053 ===
Stage1: computing and caching all edge similarities...
  edges cached: 20770807
  [Stage1 build_graph]: 2627 ms
Stage1b: degeneracy ordering...
  [Stage1b degeneracy]: 295 ms
Stage2+3: BK + intra-clique subset enumeration...
  tau=-0.053  threads=32  timeout=6000s
  merging thread-local candidates...
  [Stage2+3 total]: 1338 ms  candidates=274831
    BK ratio in Phase1+2: 90.71%
    Subset ratio in Phase1+2: 9.29%
Stage4: global dedup (subset pruning)...
  after exact dedup: 274828
  [Stage4 dedup]: 588 ms  pruned=216  final=274612

=== TOTAL: 5001 ms,  274612 maximal cliques ===

--- Phase timing summary ---
  BK ratio in Phase1+2:          90.71%
  Subset ratio in Phase1+2:       9.29%
  Phase3 dedup:                    588 ms
----------------------------

--- Clique size distribution ---
  size   2: 93 (0.03%)
  size   3: 3745 (1.36%)
  size   4: 502 (0.18%)
  size   5: 148 (0.05%)
  size   6: 5 (0.00%)
  size   7: 15 (0.01%)
  size   8: 5 (0.00%)
  size  15: 65 (0.02%)
  size  16: 70 (0.03%)
  size  17: 172 (0.06%)
  size  18: 28195 (10.27%)
  size  19: 49470 (18.01%)
  size  20: 72571 (26.43%)
  size  21: 119556 (43.54%)
  Average clique size: 19.77
--- Total: 274612 ---
>> Bye.
