============================================
  ALG4 Standard (Semantic BK)
  mine <tau> | sink <file> | log <file> | quit
============================================
Dataset: dataset/dataset/sc-ldoor.txt (ID=1)
Graph: V=909537  E=20770807
Load: 9339 ms


=== Building VectorDB ===
  Float32VectorStore: 909537x256
=== DB ready ===


>> 
=== ALG4 MCE  tau=-0.053 ===
[Stage1] Computing and caching all edge similarities...
  edges cached: 20770807
  [Stage1] Done: 2590 ms
[Stage2] Degeneracy ordering...
  [Stage2] Done: 306 ms
[Stage3] Semantic BK search...
  tau=-0.053  threads=32  timeout=600s
  progress 626/909537 (0.1%)  cliques=223  elapsed=5s
  progress 1007/909537 (0.1%)  cliques=353  elapsed=10s
  progress 1306/909537 (0.1%)  cliques=523  elapsed=15s
  progress 1582/909537 (0.2%)  cliques=611  elapsed=20s
  progress 1806/909537 (0.2%)  cliques=686  elapsed=25s
  progress 2030/909537 (0.2%)  cliques=758  elapsed=30s
  progress 2310/909537 (0.3%)  cliques=848  elapsed=35s
  progress 2479/909537 (0.3%)  cliques=902  elapsed=40s
  progress 2736/909537 (0.3%)  cliques=992  elapsed=45s
  progress 3039/909537 (0.3%)  cliques=1090  elapsed=51s
  progress 3275/909537 (0.4%)  cliques=1167  elapsed=56s
  progress 3515/909537 (0.4%)  cliques=1246  elapsed=61s
  progress 3867/909537 (0.4%)  cliques=1359  elapsed=66s
  progress 4127/909537 (0.5%)  cliques=1460  elapsed=71s
  progress 4334/909537 (0.5%)  cliques=1678  elapsed=76s
  progress 4502/909537 (0.5%)  cliques=1742  elapsed=81s
  progress 4670/909537 (0.5%)  cliques=1794  elapsed=86s
  progress 4930/909537 (0.5%)  cliques=1877  elapsed=91s
  progress 5170/909537 (0.6%)  cliques=1953  elapsed=96s
  progress 5419/909537 (0.6%)  cliques=2031  elapsed=101s
  progress 5651/909537 (0.6%)  cliques=2103  elapsed=106s
