============================================
  ALG4 Standard (Semantic BK)
  mine <tau> | sink <file> | log <file> | quit
============================================
Dataset: dataset/dataset/tech-as-skitter.txt (ID=6)
Graph: V=1694616  E=11094209
Load: 9174 ms


=== Building VectorDB ===
  Float32VectorStore: 1694616x256
=== DB ready ===


>> 
=== ALG4 MCE  tau=-0.053 ===
[Stage1] Computing and caching all edge similarities...
  edges cached: 11094209
  [Stage1] Done: 2087 ms
[Stage2] Degeneracy ordering...
  [Stage2] Done: 470 ms
[Stage3] Semantic BK search...
  tau=-0.053  threads=32  timeout=600s
  progress 1584949/1694616 (93.5%)  cliques=5534904  elapsed=5s
  progress 1595709/1694616 (94.2%)  cliques=5725368  elapsed=10s
  progress 1602542/1694616 (94.6%)  cliques=5861734  elapsed=15s
  progress 1606891/1694616 (94.8%)  cliques=5947222  elapsed=20s
  progress 1609923/1694616 (95.0%)  cliques=6013527  elapsed=25s
  progress 1611125/1694616 (95.1%)  cliques=6041619  elapsed=30s
  progress 1613941/1694616 (95.2%)  cliques=6104403  elapsed=35s
  progress 1615862/1694616 (95.4%)  cliques=6147775  elapsed=40s
  progress 1616618/1694616 (95.4%)  cliques=6162794  elapsed=45s
  progress 1618219/1694616 (95.5%)  cliques=6199424  elapsed=50s
  progress 1619490/1694616 (95.6%)  cliques=6231212  elapsed=55s
  progress 1620646/1694616 (95.6%)  cliques=6259867  elapsed=60s
  progress 1622149/1694616 (95.7%)  cliques=6296899  elapsed=65s
  progress 1622579/1694616 (95.7%)  cliques=6306854  elapsed=70s
  progress 1623111/1694616 (95.8%)  cliques=6319646  elapsed=75s
  progress 1624000/1694616 (95.8%)  cliques=6340728  elapsed=80s
  progress 1624667/1694616 (95.9%)  cliques=6356167  elapsed=85s
  progress 1625182/1694616 (95.9%)  cliques=6370333  elapsed=90s
  progress 1626160/1694616 (96.0%)  cliques=6394955  elapsed=95s
  progress 1626853/1694616 (96.0%)  cliques=6413567  elapsed=100s
  progress 1627457/1694616 (96.0%)  cliques=6428142  elapsed=106s
