============================================
  ALG5_standard (Struct+Semantic MCE)
  mine <tau> | sink <file> | log <file> | quit
============================================
Dataset: dataset/dataset/sc-pkustk11.txt (ID=3)
Graph: V=87804  E=2565054
Load: 1563 ms


=== Building VectorDB ===
  Float32VectorStore: 87804x256
=== DB ready ===


>> 
=== ALG5 MCE  tau=-0.053 ===
Stage1: computing and caching all edge similarities...
  edges cached: 2565054
  [Stage1 build_graph]: 346 ms
Stage1b: degeneracy ordering...
  [Stage1b degeneracy]: 34 ms
Stage2+3: BK + intra-clique subset enumeration...
  tau=-0.053  threads=32  timeout=6000s
  merging thread-local candidates...
  [Stage2+3 total]: 201 ms  candidates=22612
    BK ratio in Phase1+2: 93.75%
    Subset ratio in Phase1+2: 6.25%
Stage4: global dedup (subset pruning)...
  after exact dedup: 22612
  [Stage4 dedup]: 58 ms  pruned=0  final=22612

=== TOTAL: 650 ms,  22612 maximal cliques ===

--- Phase timing summary ---
  BK ratio in Phase1+2:          93.75%
  Subset ratio in Phase1+2:       6.25%
  Phase3 dedup:                     58 ms
----------------------------

--- Clique size distribution ---
  size  12: 128 (0.57%)
  size  18: 6208 (27.45%)
  size  24: 16108 (71.24%)
  size  30: 148 (0.65%)
  size  36: 20 (0.09%)
  Average clique size: 22.33
--- Total: 22612 ---
>> Bye.
