============================================
  ALG1 Standard (Structural MCE)
  mine | sink <file> | log <file> | quit
============================================
Dataset: dataset/dataset/soc-buzznet.txt (ID=4)
Graph: V=101163  E=2763066
Load: 4252 ms


>> 
=== ALG1 Standard MCE ===
[Stage1] Building adjacency...
  [Stage1] Done: 153 ms  (V=101163, E=2763066)
[Stage2] Degeneracy ordering...
  [Stage2] Done: 61 ms
[Stage3] Tomita Pivot BK search...
  threads=32  timeout=600s
  progress 93396/101163 (92.3%)  cliques=10464447  elapsed=5s
  progress 96193/101163 (95.1%)  cliques=19320676  elapsed=10s
  progress 97635/101163 (96.5%)  cliques=29419911  elapsed=15s
  progress 98411/101163 (97.3%)  cliques=38763931  elapsed=20s
  progress 98850/101163 (97.7%)  cliques=47448469  elapsed=25s
  progress 99154/101163 (98.0%)  cliques=56400914  elapsed=30s
  progress 99458/101163 (98.3%)  cliques=66023003  elapsed=35s
  progress 99652/101163 (98.5%)  cliques=75461467  elapsed=40s
  progress 99833/101163 (98.7%)  cliques=85284096  elapsed=45s
  progress 99987/101163 (98.8%)  cliques=96565880  elapsed=50s
  progress 100106/101163 (99.0%)  cliques=107467906  elapsed=55s
  progress 100218/101163 (99.1%)  cliques=119745839  elapsed=61s
  progress 100314/101163 (99.2%)  cliques=132678591  elapsed=66s
  progress 100392/101163 (99.2%)  cliques=143525163  elapsed=72s
  progress 100463/101163 (99.3%)  cliques=157413685  elapsed=78s
  progress 100500/101163 (99.3%)  cliques=167212804  elapsed=83s
  progress 100547/101163 (99.4%)  cliques=178321133  elapsed=88s
  progress 100584/101163 (99.4%)  cliques=189830863  elapsed=93s
  progress 100626/101163 (99.5%)  cliques=204430952  elapsed=99s
  progress 100652/101163 (99.5%)  cliques=214543912  elapsed=105s
  progress 100688/101163 (99.5%)  cliques=225593730  elapsed=110s
