============================================
  ALG4 Standard (Semantic BK)
  mine <tau> | sink <file> | log <file> | quit
============================================
Dataset: dataset/dataset/soc-buzznet.txt (ID=4)
Graph: V=101163  E=2763066
Load: 2566 ms


=== Building VectorDB ===
  Float32VectorStore: 101163x256
=== DB ready ===


>> 
=== ALG4 MCE  tau=-0.053 ===
[Stage1] Computing and caching all edge similarities...
  edges cached: 2763066
  [Stage1] Done: 412 ms
[Stage2] Degeneracy ordering...
  [Stage2] Done: 45 ms
[Stage3] Semantic BK search...
  tau=-0.053  threads=32  timeout=600s
  progress 78791/101163 (77.9%)  cliques=1764321  elapsed=5s
  progress 81150/101163 (80.2%)  cliques=2192692  elapsed=10s
  progress 82568/101163 (81.6%)  cliques=2520710  elapsed=15s
  progress 83476/101163 (82.5%)  cliques=2774739  elapsed=20s
  progress 84146/101163 (83.2%)  cliques=2972972  elapsed=25s
  progress 84877/101163 (83.9%)  cliques=3207028  elapsed=30s
  progress 85566/101163 (84.6%)  cliques=3451431  elapsed=35s
  progress 85857/101163 (84.9%)  cliques=3572252  elapsed=40s
  progress 86065/101163 (85.1%)  cliques=3664889  elapsed=45s
  progress 86300/101163 (85.3%)  cliques=3764048  elapsed=50s
  progress 86503/101163 (85.5%)  cliques=3851469  elapsed=55s
  progress 86678/101163 (85.7%)  cliques=3934903  elapsed=60s
  progress 86761/101163 (85.8%)  cliques=3984717  elapsed=65s
  progress 87056/101163 (86.1%)  cliques=4129094  elapsed=70s
  progress 87340/101163 (86.3%)  cliques=4261358  elapsed=75s
  progress 87464/101163 (86.5%)  cliques=4324366  elapsed=80s
  progress 87672/101163 (86.7%)  cliques=4430641  elapsed=86s
  progress 87745/101163 (86.7%)  cliques=4470686  elapsed=91s
  progress 87753/101163 (86.7%)  cliques=4480434  elapsed=102s
  progress 87777/101163 (86.8%)  cliques=4499321  elapsed=107s
  progress 87908/101163 (86.9%)  cliques=4564182  elapsed=112s
