============================================
  ALG1 Standard (Structural MCE)
  mine | sink <file> | log <file> | quit
============================================
Dataset: dataset/dataset/soc-buzznet.txt (ID=4)
Graph: V=101163  E=2763066
Load: 3610 ms


>> 
=== ALG1 Standard MCE ===
[Stage1] Building adjacency...
  [Stage1] Done: 143 ms  (V=101163, E=2763066)
[Stage2] Degeneracy ordering...
  [Stage2] Done: 56 ms
[Stage3] Tomita Pivot BK search...
  threads=32  timeout=600s
  progress 93609/101163 (92.5%)  cliques=10856487  elapsed=5s
  progress 96425/101163 (95.3%)  cliques=20597388  elapsed=10s
  progress 97832/101163 (96.7%)  cliques=31235504  elapsed=15s
  progress 98569/101163 (97.4%)  cliques=41423302  elapsed=20s
  progress 99019/101163 (97.9%)  cliques=51916039  elapsed=25s
  progress 99353/101163 (98.2%)  cliques=62253183  elapsed=30s
  progress 99579/101163 (98.4%)  cliques=71808070  elapsed=35s
  progress 99760/101163 (98.6%)  cliques=81024415  elapsed=40s
  progress 99897/101163 (98.7%)  cliques=89330853  elapsed=45s
  progress 99988/101163 (98.8%)  cliques=96455364  elapsed=51s
  progress 100093/101163 (98.9%)  cliques=106062306  elapsed=56s
  progress 100169/101163 (99.0%)  cliques=114368737  elapsed=62s
  progress 100248/101163 (99.1%)  cliques=123323510  elapsed=67s
  progress 100319/101163 (99.2%)  cliques=133555228  elapsed=72s
  progress 100394/101163 (99.2%)  cliques=143921836  elapsed=78s
  progress 100460/101163 (99.3%)  cliques=156863227  elapsed=85s
  progress 100498/101163 (99.3%)  cliques=166259326  elapsed=91s
  progress 100543/101163 (99.4%)  cliques=176860376  elapsed=97s
  progress 100575/101163 (99.4%)  cliques=187870148  elapsed=103s
  progress 100606/101163 (99.4%)  cliques=196304767  elapsed=108s
  progress 100636/101163 (99.5%)  cliques=207363903  elapsed=114s
