============================================
  ALG5_standard (Struct+Semantic MCE)
  mine <tau> | sink <file> | log <file> | quit
============================================
Dataset: dataset/dataset/soc-buzznet.txt (ID=4)
Graph: V=101163  E=2763066
Load: 2907 ms


=== Building VectorDB ===
  Float32VectorStore: 101163x256
=== DB ready ===


>> 
=== ALG5 MCE  tau=-0.053 ===
Stage1: computing and caching all edge similarities...
  edges cached: 2763066
  [Stage1 build_graph]: 457 ms
Stage1b: degeneracy ordering...
  [Stage1b degeneracy]: 49 ms
Stage2+3: BK + intra-clique subset enumeration...
  tau=-0.053  threads=32  timeout=6000s
  progress 92948/101163 (91.9%)  candidates=0  elapsed=5s
  progress 95795/101163 (94.7%)  candidates=0  elapsed=10s
  progress 97188/101163 (96.1%)  candidates=0  elapsed=15s
  progress 97982/101163 (96.9%)  candidates=0  elapsed=20s
  progress 98520/101163 (97.4%)  candidates=0  elapsed=25s
  progress 98876/101163 (97.7%)  candidates=0  elapsed=30s
  progress 99145/101163 (98.0%)  candidates=0  elapsed=35s
  progress 99441/101163 (98.3%)  candidates=0  elapsed=40s
  progress 99609/101163 (98.5%)  candidates=0  elapsed=45s
  progress 99786/101163 (98.6%)  candidates=0  elapsed=50s
  progress 99936/101163 (98.8%)  candidates=0  elapsed=55s
  progress 100026/101163 (98.9%)  candidates=0  elapsed=61s
  progress 100143/101163 (99.0%)  candidates=0  elapsed=66s
  progress 100233/101163 (99.1%)  candidates=0  elapsed=71s
  progress 100298/101163 (99.1%)  candidates=0  elapsed=77s
  progress 100362/101163 (99.2%)  candidates=0  elapsed=82s
  progress 100424/101163 (99.3%)  candidates=0  elapsed=89s
  progress 100477/101163 (99.3%)  candidates=0  elapsed=94s
  progress 100503/101163 (99.3%)  candidates=0  elapsed=99s
  progress 100552/101163 (99.4%)  candidates=0  elapsed=104s
  progress 100574/101163 (99.4%)  candidates=0  elapsed=109s
