============================================
  ALG5_standard (Struct+Semantic MCE)
  mine <tau> | sink <file> | log <file> | quit
============================================
Dataset: dataset/dataset/sc-nasasrb.txt (ID=2)
Graph: V=54870  E=1311227
Load: 559 ms


=== Building VectorDB ===
  Float32VectorStore: 54870x256
=== DB ready ===


>> 
=== ALG5 MCE  tau=-0.053 ===
Stage1: computing and caching all edge similarities...
  edges cached: 1311227
  [Stage1 build_graph]: 158 ms
Stage1b: degeneracy ordering...
  [Stage1b degeneracy]: 14 ms
Stage2+3: BK + intra-clique subset enumeration...
  tau=-0.053  threads=32  timeout=6000s
  merging thread-local candidates...
  [Stage2+3 total]: 84 ms  candidates=28154
    BK ratio in Phase1+2: 90.51%
    Subset ratio in Phase1+2: 9.49%
Stage4: global dedup (subset pruning)...
  after exact dedup: 28154
  [Stage4 dedup]: 39 ms  pruned=0  final=28154

=== TOTAL: 305 ms,  28154 maximal cliques ===

--- Phase timing summary ---
  BK ratio in Phase1+2:          90.51%
  Subset ratio in Phase1+2:       9.49%
  Phase3 dedup:                     39 ms
----------------------------

--- Clique size distribution ---
  size   4: 10 (0.04%)
  size   5: 10 (0.04%)
  size   6: 65 (0.23%)
  size   7: 70 (0.25%)
  size   8: 444 (1.58%)
  size   9: 180 (0.64%)
  size  10: 514 (1.83%)
  size  11: 1422 (5.05%)
  size  12: 4708 (16.72%)
  size  13: 1432 (5.09%)
  size  14: 1222 (4.34%)
  size  15: 2507 (8.90%)
  size  16: 2489 (8.84%)
  size  17: 454 (1.61%)
  size  18: 777 (2.76%)
  size  19: 771 (2.74%)
  size  20: 5139 (18.25%)
  size  21: 1968 (6.99%)
  size  22: 1648 (5.85%)
  size  23: 385 (1.37%)
  size  24: 1939 (6.89%)
  Average clique size: 16.65
--- Total: 28154 ---
>> Bye.
