============================================
  ALG1 Standard (Structural MCE)
  mine | sink <file> | log <file> | quit
============================================
Dataset: dataset/dataset/sc-pkustk11.txt (ID=3)
Graph: V=87804  E=2565054
Load: 1192 ms


>> 
=== ALG1 Standard MCE ===
[Stage1] Building adjacency...
  [Stage1] Done: 45 ms  (V=87804, E=2565054)
[Stage2] Degeneracy ordering...
  [Stage2] Done: 25 ms
[Stage3] Tomita Pivot BK search...
  threads=32  timeout=600s
  [Stage3] Done: 68 ms  cliques=22612

=== TOTAL: 139 ms,  22612 maximal cliques ===

--- Phase timing summary ---
  Adj build          :     45 ms  ( 32.4%)
  Degeneracy ordering:     25 ms  ( 18.0%)
  BK search          :     68 ms  ( 48.9%)
----------------------------

--- Clique size distribution ---
  size  12: 128 (0.57%)
  size  18: 6208 (27.45%)
  size  24: 16108 (71.24%)
  size  30: 148 (0.65%)
  size  36: 20 (0.09%)
  Average clique size: 22.33
--------------------------------
>> Bye.
