============================================
  ALG4 Standard (Semantic BK)
  mine <tau> | sink <file> | log <file> | quit
============================================
Dataset: dataset/dataset/sc-nasasrb.txt (ID=2)
Graph: V=54870  E=1311227
Load: 648 ms


=== Building VectorDB ===
  Float32VectorStore: 54870x256
=== DB ready ===


>> 
=== ALG4 MCE  tau=-0.053 ===
[Stage1] Computing and caching all edge similarities...
  edges cached: 1311227
  [Stage1] Done: 160 ms
[Stage2] Degeneracy ordering...
  [Stage2] Done: 15 ms
[Stage3] Semantic BK search...
  tau=-0.053  threads=32  timeout=600s
  progress 3406/54870 (6.2%)  cliques=5583  elapsed=5s
  progress 3539/54870 (6.4%)  cliques=5986  elapsed=13s
  progress 3548/54870 (6.5%)  cliques=5990  elapsed=18s
  progress 3571/54870 (6.5%)  cliques=6009  elapsed=23s
  progress 3588/54870 (6.5%)  cliques=6026  elapsed=30s
  progress 3597/54870 (6.6%)  cliques=6035  elapsed=36s
  progress 3614/54870 (6.6%)  cliques=6048  elapsed=43s
  progress 3634/54870 (6.6%)  cliques=6058  elapsed=49s
  progress 3649/54870 (6.7%)  cliques=6080  elapsed=56s
  progress 3667/54870 (6.7%)  cliques=6092  elapsed=63s
  progress 3676/54870 (6.7%)  cliques=6096  elapsed=68s
  progress 3705/54870 (6.8%)  cliques=6110  elapsed=73s
  progress 3728/54870 (6.8%)  cliques=6115  elapsed=79s
  progress 3762/54870 (6.9%)  cliques=6130  elapsed=85s
  progress 3783/54870 (6.9%)  cliques=6154  elapsed=91s
  progress 3796/54870 (6.9%)  cliques=6162  elapsed=96s
  progress 3819/54870 (7.0%)  cliques=6176  elapsed=103s
  progress 3841/54870 (7.0%)  cliques=6201  elapsed=110s
  progress 3857/54870 (7.0%)  cliques=6208  elapsed=116s
