============================================
  alg6_v2_standard (Clique Size-Layered MCE)
  mine <tau> | sink <file> | log <file> | quit
============================================
Dataset: dataset/dataset/sc-nasasrb.txt (ID=2)
Graph: V=54870  E=1311227
Load: 664 ms


=== Building VectorDB ===
  Float32VectorStore: 54870x256
=== DB ready ===


>> 
=== AvgSim Clique MCE  tau=-0.053 ===
Ablation: W_PRUNE=1  MONO_PRUNE=1  LAYER_DEDUP=1
Stage1: computing and caching all edge similarities...
  [Stage1] edges: 1311227, sim>-0.053: 1048982
  [Stage1 time]: 62 ms
Stage2: building layer-0 (sim > -0.053 edges)...
  Layer-0: 1048982 2-cliques (after dedup)
Stage3: clique expansion by size layers...
  Layer  0: in=1048982   out_next=10897985  dedup_removed=5335569   maximal_collected=0       t=8263ms
