============================================
  ALG4 Standard (Semantic BK)
  mine <tau> | sink <file> | log <file> | quit
============================================
Dataset: dataset/dataset/sc-pkustk11.txt (ID=3)
Graph: V=87804  E=2565054
Load: 1596 ms


=== Building VectorDB ===
  Float32VectorStore: 87804x256
=== DB ready ===


>> 
=== ALG4 MCE  tau=-0.053 ===
[Stage1] Computing and caching all edge similarities...
  edges cached: 2565054
  [Stage1] Done: 416 ms
[Stage2] Degeneracy ordering...
  [Stage2] Done: 42 ms
[Stage3] Semantic BK search...
  tau=-0.053  threads=32  timeout=600s
  progress 749/87804 (0.9%)  cliques=130  elapsed=5s
  progress 752/87804 (0.9%)  cliques=131  elapsed=11s
  progress 769/87804 (0.9%)  cliques=134  elapsed=18s
  progress 784/87804 (0.9%)  cliques=136  elapsed=24s
  progress 788/87804 (0.9%)  cliques=137  elapsed=32s
  progress 798/87804 (0.9%)  cliques=139  elapsed=38s
  progress 806/87804 (0.9%)  cliques=140  elapsed=46s
  progress 823/87804 (0.9%)  cliques=143  elapsed=55s
  progress 841/87804 (1.0%)  cliques=146  elapsed=69s
  progress 855/87804 (1.0%)  cliques=148  elapsed=74s
  progress 860/87804 (1.0%)  cliques=149  elapsed=81s
  progress 875/87804 (1.0%)  cliques=151  elapsed=91s
  progress 882/87804 (1.0%)  cliques=153  elapsed=96s
  progress 895/87804 (1.0%)  cliques=155  elapsed=104s
  progress 914/87804 (1.0%)  cliques=158  elapsed=112s
