============================================
  ALG4 Standard (Semantic BK)
  mine <tau> | sink <file> | log <file> | quit
============================================
Dataset: dataset/dataset/FB15K-237_edges.txt (ID=7)
Graph: V=14541  E=248611
Load: 129 ms


=== Building VectorDB ===
  Float32VectorStore: 14541x384
=== DB ready ===


>> 
=== ALG4 MCE  tau=0.025 ===
[Stage1] Computing and caching all edge similarities...
  edges cached: 247294
  [Stage1] Done: 41 ms
[Stage2] Degeneracy ordering...
  [Stage2] Done: 2 ms
[Stage3] Semantic BK search...
  tau=0.025  threads=32  timeout=600s
  progress 12955/14541 (89.1%)  cliques=155851  elapsed=5s
  progress 13488/14541 (92.8%)  cliques=166620  elapsed=11s
